// Jest Snapshot v1, https://goo.gl/fbAQLP

exports[`Header snapshotShot 1`] = `
Array [
  <header
    className="Header"
  >
    <a
      href="/"
    >
      <Lottie
        ariaLabel="animation"
        ariaRole="button"
        eventListeners={Array []}
        height="3rem"
        isClickToPauseDisabled={false}
        isPaused={false}
        isStopped={false}
        options={
          Object {
            "animationData": Object {
              "assets": Array [],
              "ddd": 0,
              "default": Object {
                "assets": Array [],
                "ddd": 0,
                "fr": 60,
                "h": 32,
                "ip": 0,
                "layers": Array [
                  Object {
                    "ao": 0,
                    "bm": 0,
                    "ddd": 0,
                    "ind": 1,
                    "ip": 0,
                    "ks": Object {
                      "a": Object {
                        "a": 0,
                        "ix": 1,
                        "k": Array [
                          48,
                          11.5,
                          0,
                        ],
                      },
                      "o": Object {
                        "a": 0,
                        "ix": 11,
                        "k": 100,
                      },
                      "p": Object {
                        "a": 0,
                        "ix": 2,
                        "k": Array [
                          48.125,
                          12,
                          0,
                        ],
                      },
                      "r": Object {
                        "a": 0,
                        "ix": 10,
                        "k": 0,
                      },
                      "s": Object {
                        "a": 0,
                        "ix": 6,
                        "k": Array [
                          100,
                          100,
                          100,
                        ],
                      },
                    },
                    "nm": "origin",
                    "op": 1440,
                    "shapes": Array [
                      Object {
                        "bm": 0,
                        "cix": 2,
                        "hd": false,
                        "it": Array [
                          Object {
                            "hd": false,
                            "ind": 0,
                            "ix": 1,
                            "ks": Object {
                              "a": 0,
                              "ix": 2,
                              "k": Object {
                                "c": true,
                                "i": Array [
                                  Array [
                                    -4.498,
                                    0.318,
                                  ],
                                  Array [
                                    0,
                                    0,
                                  ],
                                  Array [
                                    0,
                                    0,
                                  ],
                                  Array [
                                    0,
                                    1.946,
                                  ],
                                  Array [
                                    0,
                                    0,
                                  ],
                                  Array [
                                    2.266,
                                    -1.358,
                                  ],
                                  Array [
                                    0,
                                    -2.366,
                                  ],
                                  Array [
                                    4.815,
                                    0,
                                  ],
                                  Array [
                                    0,
                                    5.532,
                                  ],
                                ],
                                "o": Array [
                                  Array [
                                    0,
                                    0,
                                  ],
                                  Array [
                                    0,
                                    0,
                                  ],
                                  Array [
                                    1.969,
                                    0,
                                  ],
                                  Array [
                                    0,
                                    0,
                                  ],
                                  Array [
                                    0,
                                    2.812,
                                  ],
                                  Array [
                                    1.263,
                                    1.49,
                                  ],
                                  Array [
                                    0,
                                    5.604,
                                  ],
                                  Array [
                                    -4.849,
                                    0,
                                  ],
                                  Array [
                                    0,
                                    -5.355,
                                  ],
                                ],
                                "v": Array [
                                  Array [
                                    5.8,
                                    -7.628,
                                  ],
                                  Array [
                                    5.8,
                                    -7.652,
                                  ],
                                  Array [
                                    9.437,
                                    -7.652,
                                  ],
                                  Array [
                                    13.001,
                                    -11.176,
                                  ],
                                  Array [
                                    17.28,
                                    -11.176,
                                  ],
                                  Array [
                                    13.501,
                                    -4.546,
                                  ],
                                  Array [
                                    15.533,
                                    1.296,
                                  ],
                                  Array [
                                    6.369,
                                    10.316,
                                  ],
                                  Array [
                                    -2.689,
                                    1.368,
                                  ],
                                ],
                              },
                            },
                            "mn": "ADBE Vector Shape - Group",
                            "nm": "Path 1",
                            "ty": "sh",
                          },
                          Object {
                            "hd": false,
                            "ind": 1,
                            "ix": 2,
                            "ks": Object {
                              "a": 0,
                              "ix": 2,
                              "k": Object {
                                "c": true,
                                "i": Array [
                                  Array [
                                    -2.711,
                                    0,
                                  ],
                                  Array [
                                    0,
                                    2.748,
                                  ],
                                  Array [
                                    2.709,
                                    0,
                                  ],
                                  Array [
                                    0,
                                    -2.749,
                                  ],
                                ],
                                "o": Array [
                                  Array [
                                    2.709,
                                    0,
                                  ],
                                  Array [
                                    0,
                                    -2.749,
                                  ],
                                  Array [
                                    -2.711,
                                    0,
                                  ],
                                  Array [
                                    0,
                                    2.748,
                                  ],
                                ],
                                "v": Array [
                                  Array [
                                    6.476,
                                    6.37,
                                  ],
                                  Array [
                                    10.826,
                                    1.473,
                                  ],
                                  Array [
                                    6.476,
                                    -3.424,
                                  ],
                                  Array [
                                    1.948,
                                    1.473,
                                  ],
                                ],
                              },
                            },
                            "mn": "ADBE Vector Shape - Group",
                            "nm": "Path 2",
                            "ty": "sh",
                          },
                          Object {
                            "hd": false,
                            "ind": 2,
                            "ix": 3,
                            "ks": Object {
                              "a": 0,
                              "ix": 2,
                              "k": Object {
                                "c": true,
                                "i": Array [
                                  Array [
                                    -2.997,
                                    0,
                                  ],
                                  Array [
                                    0,
                                    -4.861,
                                  ],
                                  Array [
                                    0,
                                    0,
                                  ],
                                  Array [
                                    0,
                                    0,
                                  ],
                                  Array [
                                    0,
                                    0,
                                  ],
                                  Array [
                                    3.421,
                                    0.177,
                                  ],
                                  Array [
                                    0,
                                    -4.616,
                                  ],
                                  Array [
                                    0,
                                    0,
                                  ],
                                  Array [
                                    0,
                                    0,
                                  ],
                                  Array [
                                    0,
                                    0,
                                  ],
                                  Array [
                                    0,
                                    0,
                                  ],
                                  Array [
                                    0,
                                    0,
                                  ],
                                  Array [
                                    0,
                                    0,
                                  ],
                                ],
                                "o": Array [
                                  Array [
                                    4.599,
                                    0,
                                  ],
                                  Array [
                                    0,
                                    0,
                                  ],
                                  Array [
                                    0,
                                    0,
                                  ],
                                  Array [
                                    0,
                                    0,
                                  ],
                                  Array [
                                    0,
                                    -0.6,
                                  ],
                                  Array [
                                    -1.678,
                                    -0.105,
                                  ],
                                  Array [
                                    0,
                                    0,
                                  ],
                                  Array [
                                    0,
                                    0,
                                  ],
                                  Array [
                                    0,
                                    0,
                                  ],
                                  Array [
                                    0,
                                    0,
                                  ],
                                  Array [
                                    0,
                                    0,
                                  ],
                                  Array [
                                    0,
                                    0,
                                  ],
                                  Array [
                                    0.746,
                                    -0.881,
                                  ],
                                ],
                                "v": Array [
                                  Array [
                                    40.654,
                                    -7.126,
                                  ],
                                  Array [
                                    47.5,
                                    1.12,
                                  ],
                                  Array [
                                    47.5,
                                    10.669,
                                  ],
                                  Array [
                                    42.756,
                                    10.669,
                                  ],
                                  Array [
                                    42.756,
                                    2.178,
                                  ],
                                  Array [
                                    39.763,
                                    -3.038,
                                  ],
                                  Array [
                                    35.092,
                                    2.387,
                                  ],
                                  Array [
                                    35.092,
                                    10.669,
                                  ],
                                  Array [
                                    30.384,
                                    10.669,
                                  ],
                                  Array [
                                    30.384,
                                    -6.949,
                                  ],
                                  Array [
                                    34.021,
                                    -6.949,
                                  ],
                                  Array [
                                    34.627,
                                    -4.798,
                                  ],
                                  Array [
                                    35.235,
                                    -4.798,
                                  ],
                                ],
                              },
                            },
                            "mn": "ADBE Vector Shape - Group",
                            "nm": "Path 3",
                            "ty": "sh",
                          },
                          Object {
                            "hd": false,
                            "ind": 3,
                            "ix": 4,
                            "ks": Object {
                              "a": 0,
                              "ix": 2,
                              "k": Object {
                                "c": true,
                                "i": Array [
                                  Array [
                                    0,
                                    0,
                                  ],
                                  Array [
                                    0,
                                    0,
                                  ],
                                  Array [
                                    0,
                                    0,
                                  ],
                                  Array [
                                    0,
                                    0,
                                  ],
                                ],
                                "o": Array [
                                  Array [
                                    0,
                                    0,
                                  ],
                                  Array [
                                    0,
                                    0,
                                  ],
                                  Array [
                                    0,
                                    0,
                                  ],
                                  Array [
                                    0,
                                    0,
                                  ],
                                ],
                                "v": Array [
                                  Array [
                                    20.624,
                                    10.669,
                                  ],
                                  Array [
                                    25.188,
                                    10.669,
                                  ],
                                  Array [
                                    25.188,
                                    -6.949,
                                  ],
                                  Array [
                                    20.624,
                                    -6.949,
                                  ],
                                ],
                              },
                            },
                            "mn": "ADBE Vector Shape - Group",
                            "nm": "Path 4",
                            "ty": "sh",
                          },
                          Object {
                            "hd": false,
                            "ind": 4,
                            "ix": 5,
                            "ks": Object {
                              "a": 0,
                              "ix": 2,
                              "k": Object {
                                "c": true,
                                "i": Array [
                                  Array [
                                    4.814,
                                    0,
                                  ],
                                  Array [
                                    0,
                                    5.532,
                                  ],
                                  Array [
                                    -4.78,
                                    0,
                                  ],
                                  Array [
                                    0,
                                    -5.534,
                                  ],
                                ],
                                "o": Array [
                                  Array [
                                    -4.85,
                                    0,
                                  ],
                                  Array [
                                    0,
                                    -5.637,
                                  ],
                                  Array [
                                    4.814,
                                    0,
                                  ],
                                  Array [
                                    0,
                                    5.601,
                                  ],
                                ],
                                "v": Array [
                                  Array [
                                    -38.444,
                                    11.176,
                                  ],
                                  Array [
                                    -47.5,
                                    2.229,
                                  ],
                                  Array [
                                    -38.301,
                                    -6.792,
                                  ],
                                  Array [
                                    -29.278,
                                    2.16,
                                  ],
                                ],
                              },
                            },
                            "mn": "ADBE Vector Shape - Group",
                            "nm": "Path 5",
                            "ty": "sh",
                          },
                          Object {
                            "hd": false,
                            "ind": 5,
                            "ix": 6,
                            "ks": Object {
                              "a": 0,
                              "ix": 2,
                              "k": Object {
                                "c": true,
                                "i": Array [
                                  Array [
                                    0,
                                    0,
                                  ],
                                  Array [
                                    0,
                                    0,
                                  ],
                                  Array [
                                    0,
                                    0,
                                  ],
                                  Array [
                                    0,
                                    0,
                                  ],
                                ],
                                "o": Array [
                                  Array [
                                    0,
                                    0,
                                  ],
                                  Array [
                                    0,
                                    0,
                                  ],
                                  Array [
                                    0,
                                    0,
                                  ],
                                  Array [
                                    0,
                                    0,
                                  ],
                                ],
                                "v": Array [
                                  Array [
                                    -11.583,
                                    10.669,
                                  ],
                                  Array [
                                    -7.019,
                                    10.669,
                                  ],
                                  Array [
                                    -7.019,
                                    -6.949,
                                  ],
                                  Array [
                                    -11.583,
                                    -6.949,
                                  ],
                                ],
                              },
                            },
                            "mn": "ADBE Vector Shape - Group",
                            "nm": "Path 6",
                            "ty": "sh",
                          },
                          Object {
                            "hd": false,
                            "ind": 6,
                            "ix": 7,
                            "ks": Object {
                              "a": 0,
                              "ix": 2,
                              "k": Object {
                                "c": true,
                                "i": Array [
                                  Array [
                                    -2.709,
                                    0,
                                  ],
                                  Array [
                                    0,
                                    2.748,
                                  ],
                                  Array [
                                    2.712,
                                    0,
                                  ],
                                  Array [
                                    0,
                                    -2.749,
                                  ],
                                ],
                                "o": Array [
                                  Array [
                                    2.712,
                                    0,
                                  ],
                                  Array [
                                    0,
                                    -2.749,
                                  ],
                                  Array [
                                    -2.709,
                                    0,
                                  ],
                                  Array [
                                    0,
                                    2.748,
                                  ],
                                ],
                                "v": Array [
                                  Array [
                                    -38.301,
                                    7.09,
                                  ],
                                  Array [
                                    -33.951,
                                    2.193,
                                  ],
                                  Array [
                                    -38.301,
                                    -2.704,
                                  ],
                                  Array [
                                    -42.829,
                                    2.193,
                                  ],
                                ],
                              },
                            },
                            "mn": "ADBE Vector Shape - Group",
                            "nm": "Path 7",
                            "ty": "sh",
                          },
                          Object {
                            "hd": false,
                            "ind": 7,
                            "ix": 8,
                            "ks": Object {
                              "a": 0,
                              "ix": 2,
                              "k": Object {
                                "c": true,
                                "i": Array [
                                  Array [
                                    -2.924,
                                    0,
                                  ],
                                  Array [
                                    0,
                                    0,
                                  ],
                                  Array [
                                    0,
                                    0,
                                  ],
                                  Array [
                                    0.607,
                                    0,
                                  ],
                                  Array [
                                    0,
                                    -3.239,
                                  ],
                                  Array [
                                    0,
                                    0,
                                  ],
                                  Array [
                                    0,
                                    0,
                                  ],
                                  Array [
                                    0,
                                    0,
                                  ],
                                  Array [
                                    0,
                                    0,
                                  ],
                                  Array [
                                    0,
                                    0,
                                  ],
                                  Array [
                                    0,
                                    0,
                                  ],
                                ],
                                "o": Array [
                                  Array [
                                    0,
                                    0,
                                  ],
                                  Array [
                                    0,
                                    0,
                                  ],
                                  Array [
                                    -0.355,
                                    -0.07,
                                  ],
                                  Array [
                                    -2.496,
                                    0,
                                  ],
                                  Array [
                                    0,
                                    0,
                                  ],
                                  Array [
                                    0,
                                    0,
                                  ],
                                  Array [
                                    0,
                                    0,
                                  ],
                                  Array [
                                    0,
                                    0,
                                  ],
                                  Array [
                                    0,
                                    0,
                                  ],
                                  Array [
                                    0,
                                    0,
                                  ],
                                  Array [
                                    0.785,
                                    -0.776,
                                  ],
                                ],
                                "v": Array [
                                  Array [
                                    -15.829,
                                    -7.126,
                                  ],
                                  Array [
                                    -14.724,
                                    -7.126,
                                  ],
                                  Array [
                                    -14.724,
                                    -2.615,
                                  ],
                                  Array [
                                    -16.293,
                                    -2.755,
                                  ],
                                  Array [
                                    -21.392,
                                    1.755,
                                  ],
                                  Array [
                                    -21.392,
                                    10.669,
                                  ],
                                  Array [
                                    -26.136,
                                    10.669,
                                  ],
                                  Array [
                                    -26.136,
                                    -6.949,
                                  ],
                                  Array [
                                    -22.499,
                                    -6.949,
                                  ],
                                  Array [
                                    -21.856,
                                    -5.01,
                                  ],
                                  Array [
                                    -21.285,
                                    -5.01,
                                  ],
                                ],
                              },
                            },
                            "mn": "ADBE Vector Shape - Group",
                            "nm": "Path 8",
                            "ty": "sh",
                          },
                          Object {
                            "hd": false,
                            "mm": 1,
                            "mn": "ADBE Vector Filter - Merge",
                            "nm": "Merge Paths 1",
                            "ty": "mm",
                          },
                          Object {
                            "bm": 0,
                            "c": Object {
                              "a": 0,
                              "ix": 4,
                              "k": Array [
                                0.113999998803,
                                0.118000000598,
                                0.122000002394,
                                1,
                              ],
                            },
                            "hd": false,
                            "mn": "ADBE Vector Graphic - Fill",
                            "nm": "Fill 1",
                            "o": Object {
                              "a": 0,
                              "ix": 5,
                              "k": 100,
                            },
                            "r": 1,
                            "ty": "fl",
                          },
                          Object {
                            "a": Object {
                              "a": 0,
                              "ix": 1,
                              "k": Array [
                                0,
                                0,
                              ],
                            },
                            "nm": "Transform",
                            "o": Object {
                              "a": 0,
                              "ix": 7,
                              "k": 100,
                            },
                            "p": Object {
                              "a": 0,
                              "ix": 2,
                              "k": Array [
                                47.75,
                                11.426,
                              ],
                            },
                            "r": Object {
                              "a": 0,
                              "ix": 6,
                              "k": 0,
                            },
                            "s": Object {
                              "a": 0,
                              "ix": 3,
                              "k": Array [
                                100,
                                100,
                              ],
                            },
                            "sa": Object {
                              "a": 0,
                              "ix": 5,
                              "k": 0,
                            },
                            "sk": Object {
                              "a": 0,
                              "ix": 4,
                              "k": 0,
                            },
                            "ty": "tr",
                          },
                        ],
                        "ix": 1,
                        "mn": "ADBE Vector Group",
                        "nm": "Group 1",
                        "np": 12,
                        "ty": "gr",
                      },
                    ],
                    "sr": 1,
                    "st": 0,
                    "ty": 4,
                  },
                  Object {
                    "ao": 0,
                    "bm": 0,
                    "ddd": 0,
                    "ind": 2,
                    "ip": 0,
                    "ks": Object {
                      "a": Object {
                        "a": 0,
                        "ix": 1,
                        "k": Array [
                          10,
                          4.5,
                          0,
                        ],
                      },
                      "o": Object {
                        "a": 0,
                        "ix": 11,
                        "k": 100,
                      },
                      "p": Object {
                        "a": 0,
                        "ix": 2,
                        "k": Array [
                          54.75,
                          28.25,
                          0,
                        ],
                      },
                      "r": Object {
                        "a": 0,
                        "ix": 10,
                        "k": 0,
                      },
                      "s": Object {
                        "a": 0,
                        "ix": 6,
                        "k": Array [
                          100,
                          100,
                          100,
                        ],
                      },
                    },
                    "nm": "_",
                    "op": 1440,
                    "shapes": Array [
                      Object {
                        "bm": 0,
                        "cix": 2,
                        "hd": false,
                        "it": Array [
                          Object {
                            "hd": false,
                            "ind": 0,
                            "ix": 1,
                            "ks": Object {
                              "a": 0,
                              "ix": 2,
                              "k": Object {
                                "c": true,
                                "i": Array [
                                  Array [
                                    5.29,
                                    5.228,
                                  ],
                                  Array [
                                    0,
                                    0,
                                  ],
                                  Array [
                                    -3.619,
                                    3.578,
                                  ],
                                  Array [
                                    0,
                                    0,
                                  ],
                                ],
                                "o": Array [
                                  Array [
                                    0,
                                    0,
                                  ],
                                  Array [
                                    3.621,
                                    3.578,
                                  ],
                                  Array [
                                    0,
                                    0,
                                  ],
                                  Array [
                                    -5.29,
                                    5.228,
                                  ],
                                ],
                                "v": Array [
                                  Array [
                                    -9.581,
                                    -0.939,
                                  ],
                                  Array [
                                    -6.555,
                                    -3.93,
                                  ],
                                  Array [
                                    6.555,
                                    -3.93,
                                  ],
                                  Array [
                                    9.581,
                                    -0.939,
                                  ],
                                ],
                              },
                            },
                            "mn": "ADBE Vector Shape - Group",
                            "nm": "Path 1",
                            "ty": "sh",
                          },
                          Object {
                            "bm": 0,
                            "c": Object {
                              "a": 0,
                              "ix": 4,
                              "k": Array [
                                0.113999998803,
                                0.118000000598,
                                0.122000002394,
                                1,
                              ],
                            },
                            "hd": false,
                            "mn": "ADBE Vector Graphic - Fill",
                            "nm": "Fill 1",
                            "o": Object {
                              "a": 0,
                              "ix": 5,
                              "k": 100,
                            },
                            "r": 1,
                            "ty": "fl",
                          },
                          Object {
                            "a": Object {
                              "a": 0,
                              "ix": 1,
                              "k": Array [
                                0,
                                0,
                              ],
                            },
                            "nm": "Transform",
                            "o": Object {
                              "a": 0,
                              "ix": 7,
                              "k": 100,
                            },
                            "p": Object {
                              "a": 0,
                              "ix": 2,
                              "k": Array [
                                9.831,
                                4.18,
                              ],
                            },
                            "r": Object {
                              "a": 0,
                              "ix": 6,
                              "k": 0,
                            },
                            "s": Object {
                              "a": 1,
                              "ix": 3,
                              "k": Array [
                                Object {
                                  "i": Object {
                                    "x": Array [
                                      0.833,
                                      0.833,
                                    ],
                                    "y": Array [
                                      0.833,
                                      0.833,
                                    ],
                                  },
                                  "o": Object {
                                    "x": Array [
                                      0.167,
                                      0.167,
                                    ],
                                    "y": Array [
                                      0.167,
                                      0.167,
                                    ],
                                  },
                                  "s": Array [
                                    100,
                                    100,
                                  ],
                                  "t": 1200,
                                },
                                Object {
                                  "i": Object {
                                    "x": Array [
                                      0.833,
                                      0.833,
                                    ],
                                    "y": Array [
                                      1,
                                      0.833,
                                    ],
                                  },
                                  "o": Object {
                                    "x": Array [
                                      0.333,
                                      0.333,
                                    ],
                                    "y": Array [
                                      0,
                                      0,
                                    ],
                                  },
                                  "s": Array [
                                    100,
                                    0,
                                  ],
                                  "t": 1230,
                                },
                                Object {
                                  "s": Array [
                                    100,
                                    100,
                                  ],
                                  "t": 1260,
                                },
                              ],
                            },
                            "sa": Object {
                              "a": 0,
                              "ix": 5,
                              "k": 0,
                            },
                            "sk": Object {
                              "a": 0,
                              "ix": 4,
                              "k": 0,
                            },
                            "ty": "tr",
                          },
                        ],
                        "ix": 1,
                        "mn": "ADBE Vector Group",
                        "nm": "Group 1",
                        "np": 4,
                        "ty": "gr",
                      },
                    ],
                    "sr": 1,
                    "st": 0,
                    "ty": 4,
                  },
                ],
                "markers": Array [],
                "nm": "Comp 2",
                "op": 1440,
                "v": "5.7.1",
                "w": 96,
              },
              "fr": 60,
              "h": 32,
              "ip": 0,
              "layers": Array [
                Object {
                  "ao": 0,
                  "bm": 0,
                  "ddd": 0,
                  "ind": 1,
                  "ip": 0,
                  "ks": Object {
                    "a": Object {
                      "a": 0,
                      "ix": 1,
                      "k": Array [
                        48,
                        11.5,
                        0,
                      ],
                    },
                    "o": Object {
                      "a": 0,
                      "ix": 11,
                      "k": 100,
                    },
                    "p": Object {
                      "a": 0,
                      "ix": 2,
                      "k": Array [
                        48.125,
                        12,
                        0,
                      ],
                    },
                    "r": Object {
                      "a": 0,
                      "ix": 10,
                      "k": 0,
                    },
                    "s": Object {
                      "a": 0,
                      "ix": 6,
                      "k": Array [
                        100,
                        100,
                        100,
                      ],
                    },
                  },
                  "nm": "origin",
                  "op": 1440,
                  "shapes": Array [
                    Object {
                      "bm": 0,
                      "cix": 2,
                      "hd": false,
                      "it": Array [
                        Object {
                          "hd": false,
                          "ind": 0,
                          "ix": 1,
                          "ks": Object {
                            "a": 0,
                            "ix": 2,
                            "k": Object {
                              "c": true,
                              "i": Array [
                                Array [
                                  -4.498,
                                  0.318,
                                ],
                                Array [
                                  0,
                                  0,
                                ],
                                Array [
                                  0,
                                  0,
                                ],
                                Array [
                                  0,
                                  1.946,
                                ],
                                Array [
                                  0,
                                  0,
                                ],
                                Array [
                                  2.266,
                                  -1.358,
                                ],
                                Array [
                                  0,
                                  -2.366,
                                ],
                                Array [
                                  4.815,
                                  0,
                                ],
                                Array [
                                  0,
                                  5.532,
                                ],
                              ],
                              "o": Array [
                                Array [
                                  0,
                                  0,
                                ],
                                Array [
                                  0,
                                  0,
                                ],
                                Array [
                                  1.969,
                                  0,
                                ],
                                Array [
                                  0,
                                  0,
                                ],
                                Array [
                                  0,
                                  2.812,
                                ],
                                Array [
                                  1.263,
                                  1.49,
                                ],
                                Array [
                                  0,
                                  5.604,
                                ],
                                Array [
                                  -4.849,
                                  0,
                                ],
                                Array [
                                  0,
                                  -5.355,
                                ],
                              ],
                              "v": Array [
                                Array [
                                  5.8,
                                  -7.628,
                                ],
                                Array [
                                  5.8,
                                  -7.652,
                                ],
                                Array [
                                  9.437,
                                  -7.652,
                                ],
                                Array [
                                  13.001,
                                  -11.176,
                                ],
                                Array [
                                  17.28,
                                  -11.176,
                                ],
                                Array [
                                  13.501,
                                  -4.546,
                                ],
                                Array [
                                  15.533,
                                  1.296,
                                ],
                                Array [
                                  6.369,
                                  10.316,
                                ],
                                Array [
                                  -2.689,
                                  1.368,
                                ],
                              ],
                            },
                          },
                          "mn": "ADBE Vector Shape - Group",
                          "nm": "Path 1",
                          "ty": "sh",
                        },
                        Object {
                          "hd": false,
                          "ind": 1,
                          "ix": 2,
                          "ks": Object {
                            "a": 0,
                            "ix": 2,
                            "k": Object {
                              "c": true,
                              "i": Array [
                                Array [
                                  -2.711,
                                  0,
                                ],
                                Array [
                                  0,
                                  2.748,
                                ],
                                Array [
                                  2.709,
                                  0,
                                ],
                                Array [
                                  0,
                                  -2.749,
                                ],
                              ],
                              "o": Array [
                                Array [
                                  2.709,
                                  0,
                                ],
                                Array [
                                  0,
                                  -2.749,
                                ],
                                Array [
                                  -2.711,
                                  0,
                                ],
                                Array [
                                  0,
                                  2.748,
                                ],
                              ],
                              "v": Array [
                                Array [
                                  6.476,
                                  6.37,
                                ],
                                Array [
                                  10.826,
                                  1.473,
                                ],
                                Array [
                                  6.476,
                                  -3.424,
                                ],
                                Array [
                                  1.948,
                                  1.473,
                                ],
                              ],
                            },
                          },
                          "mn": "ADBE Vector Shape - Group",
                          "nm": "Path 2",
                          "ty": "sh",
                        },
                        Object {
                          "hd": false,
                          "ind": 2,
                          "ix": 3,
                          "ks": Object {
                            "a": 0,
                            "ix": 2,
                            "k": Object {
                              "c": true,
                              "i": Array [
                                Array [
                                  -2.997,
                                  0,
                                ],
                                Array [
                                  0,
                                  -4.861,
                                ],
                                Array [
                                  0,
                                  0,
                                ],
                                Array [
                                  0,
                                  0,
                                ],
                                Array [
                                  0,
                                  0,
                                ],
                                Array [
                                  3.421,
                                  0.177,
                                ],
                                Array [
                                  0,
                                  -4.616,
                                ],
                                Array [
                                  0,
                                  0,
                                ],
                                Array [
                                  0,
                                  0,
                                ],
                                Array [
                                  0,
                                  0,
                                ],
                                Array [
                                  0,
                                  0,
                                ],
                                Array [
                                  0,
                                  0,
                                ],
                                Array [
                                  0,
                                  0,
                                ],
                              ],
                              "o": Array [
                                Array [
                                  4.599,
                                  0,
                                ],
                                Array [
                                  0,
                                  0,
                                ],
                                Array [
                                  0,
                                  0,
                                ],
                                Array [
                                  0,
                                  0,
                                ],
                                Array [
                                  0,
                                  -0.6,
                                ],
                                Array [
                                  -1.678,
                                  -0.105,
                                ],
                                Array [
                                  0,
                                  0,
                                ],
                                Array [
                                  0,
                                  0,
                                ],
                                Array [
                                  0,
                                  0,
                                ],
                                Array [
                                  0,
                                  0,
                                ],
                                Array [
                                  0,
                                  0,
                                ],
                                Array [
                                  0,
                                  0,
                                ],
                                Array [
                                  0.746,
                                  -0.881,
                                ],
                              ],
                              "v": Array [
                                Array [
                                  40.654,
                                  -7.126,
                                ],
                                Array [
                                  47.5,
                                  1.12,
                                ],
                                Array [
                                  47.5,
                                  10.669,
                                ],
                                Array [
                                  42.756,
                                  10.669,
                                ],
                                Array [
                                  42.756,
                                  2.178,
                                ],
                                Array [
                                  39.763,
                                  -3.038,
                                ],
                                Array [
                                  35.092,
                                  2.387,
                                ],
                                Array [
                                  35.092,
                                  10.669,
                                ],
                                Array [
                                  30.384,
                                  10.669,
                                ],
                                Array [
                                  30.384,
                                  -6.949,
                                ],
                                Array [
                                  34.021,
                                  -6.949,
                                ],
                                Array [
                                  34.627,
                                  -4.798,
                                ],
                                Array [
                                  35.235,
                                  -4.798,
                                ],
                              ],
                            },
                          },
                          "mn": "ADBE Vector Shape - Group",
                          "nm": "Path 3",
                          "ty": "sh",
                        },
                        Object {
                          "hd": false,
                          "ind": 3,
                          "ix": 4,
                          "ks": Object {
                            "a": 0,
                            "ix": 2,
                            "k": Object {
                              "c": true,
                              "i": Array [
                                Array [
                                  0,
                                  0,
                                ],
                                Array [
                                  0,
                                  0,
                                ],
                                Array [
                                  0,
                                  0,
                                ],
                                Array [
                                  0,
                                  0,
                                ],
                              ],
                              "o": Array [
                                Array [
                                  0,
                                  0,
                                ],
                                Array [
                                  0,
                                  0,
                                ],
                                Array [
                                  0,
                                  0,
                                ],
                                Array [
                                  0,
                                  0,
                                ],
                              ],
                              "v": Array [
                                Array [
                                  20.624,
                                  10.669,
                                ],
                                Array [
                                  25.188,
                                  10.669,
                                ],
                                Array [
                                  25.188,
                                  -6.949,
                                ],
                                Array [
                                  20.624,
                                  -6.949,
                                ],
                              ],
                            },
                          },
                          "mn": "ADBE Vector Shape - Group",
                          "nm": "Path 4",
                          "ty": "sh",
                        },
                        Object {
                          "hd": false,
                          "ind": 4,
                          "ix": 5,
                          "ks": Object {
                            "a": 0,
                            "ix": 2,
                            "k": Object {
                              "c": true,
                              "i": Array [
                                Array [
                                  4.814,
                                  0,
                                ],
                                Array [
                                  0,
                                  5.532,
                                ],
                                Array [
                                  -4.78,
                                  0,
                                ],
                                Array [
                                  0,
                                  -5.534,
                                ],
                              ],
                              "o": Array [
                                Array [
                                  -4.85,
                                  0,
                                ],
                                Array [
                                  0,
                                  -5.637,
                                ],
                                Array [
                                  4.814,
                                  0,
                                ],
                                Array [
                                  0,
                                  5.601,
                                ],
                              ],
                              "v": Array [
                                Array [
                                  -38.444,
                                  11.176,
                                ],
                                Array [
                                  -47.5,
                                  2.229,
                                ],
                                Array [
                                  -38.301,
                                  -6.792,
                                ],
                                Array [
                                  -29.278,
                                  2.16,
                                ],
                              ],
                            },
                          },
                          "mn": "ADBE Vector Shape - Group",
                          "nm": "Path 5",
                          "ty": "sh",
                        },
                        Object {
                          "hd": false,
                          "ind": 5,
                          "ix": 6,
                          "ks": Object {
                            "a": 0,
                            "ix": 2,
                            "k": Object {
                              "c": true,
                              "i": Array [
                                Array [
                                  0,
                                  0,
                                ],
                                Array [
                                  0,
                                  0,
                                ],
                                Array [
                                  0,
                                  0,
                                ],
                                Array [
                                  0,
                                  0,
                                ],
                              ],
                              "o": Array [
                                Array [
                                  0,
                                  0,
                                ],
                                Array [
                                  0,
                                  0,
                                ],
                                Array [
                                  0,
                                  0,
                                ],
                                Array [
                                  0,
                                  0,
                                ],
                              ],
                              "v": Array [
                                Array [
                                  -11.583,
                                  10.669,
                                ],
                                Array [
                                  -7.019,
                                  10.669,
                                ],
                                Array [
                                  -7.019,
                                  -6.949,
                                ],
                                Array [
                                  -11.583,
                                  -6.949,
                                ],
                              ],
                            },
                          },
                          "mn": "ADBE Vector Shape - Group",
                          "nm": "Path 6",
                          "ty": "sh",
                        },
                        Object {
                          "hd": false,
                          "ind": 6,
                          "ix": 7,
                          "ks": Object {
                            "a": 0,
                            "ix": 2,
                            "k": Object {
                              "c": true,
                              "i": Array [
                                Array [
                                  -2.709,
                                  0,
                                ],
                                Array [
                                  0,
                                  2.748,
                                ],
                                Array [
                                  2.712,
                                  0,
                                ],
                                Array [
                                  0,
                                  -2.749,
                                ],
                              ],
                              "o": Array [
                                Array [
                                  2.712,
                                  0,
                                ],
                                Array [
                                  0,
                                  -2.749,
                                ],
                                Array [
                                  -2.709,
                                  0,
                                ],
                                Array [
                                  0,
                                  2.748,
                                ],
                              ],
                              "v": Array [
                                Array [
                                  -38.301,
                                  7.09,
                                ],
                                Array [
                                  -33.951,
                                  2.193,
                                ],
                                Array [
                                  -38.301,
                                  -2.704,
                                ],
                                Array [
                                  -42.829,
                                  2.193,
                                ],
                              ],
                            },
                          },
                          "mn": "ADBE Vector Shape - Group",
                          "nm": "Path 7",
                          "ty": "sh",
                        },
                        Object {
                          "hd": false,
                          "ind": 7,
                          "ix": 8,
                          "ks": Object {
                            "a": 0,
                            "ix": 2,
                            "k": Object {
                              "c": true,
                              "i": Array [
                                Array [
                                  -2.924,
                                  0,
                                ],
                                Array [
                                  0,
                                  0,
                                ],
                                Array [
                                  0,
                                  0,
                                ],
                                Array [
                                  0.607,
                                  0,
                                ],
                                Array [
                                  0,
                                  -3.239,
                                ],
                                Array [
                                  0,
                                  0,
                                ],
                                Array [
                                  0,
                                  0,
                                ],
                                Array [
                                  0,
                                  0,
                                ],
                                Array [
                                  0,
                                  0,
                                ],
                                Array [
                                  0,
                                  0,
                                ],
                                Array [
                                  0,
                                  0,
                                ],
                              ],
                              "o": Array [
                                Array [
                                  0,
                                  0,
                                ],
                                Array [
                                  0,
                                  0,
                                ],
                                Array [
                                  -0.355,
                                  -0.07,
                                ],
                                Array [
                                  -2.496,
                                  0,
                                ],
                                Array [
                                  0,
                                  0,
                                ],
                                Array [
                                  0,
                                  0,
                                ],
                                Array [
                                  0,
                                  0,
                                ],
                                Array [
                                  0,
                                  0,
                                ],
                                Array [
                                  0,
                                  0,
                                ],
                                Array [
                                  0,
                                  0,
                                ],
                                Array [
                                  0.785,
                                  -0.776,
                                ],
                              ],
                              "v": Array [
                                Array [
                                  -15.829,
                                  -7.126,
                                ],
                                Array [
                                  -14.724,
                                  -7.126,
                                ],
                                Array [
                                  -14.724,
                                  -2.615,
                                ],
                                Array [
                                  -16.293,
                                  -2.755,
                                ],
                                Array [
                                  -21.392,
                                  1.755,
                                ],
                                Array [
                                  -21.392,
                                  10.669,
                                ],
                                Array [
                                  -26.136,
                                  10.669,
                                ],
                                Array [
                                  -26.136,
                                  -6.949,
                                ],
                                Array [
                                  -22.499,
                                  -6.949,
                                ],
                                Array [
                                  -21.856,
                                  -5.01,
                                ],
                                Array [
                                  -21.285,
                                  -5.01,
                                ],
                              ],
                            },
                          },
                          "mn": "ADBE Vector Shape - Group",
                          "nm": "Path 8",
                          "ty": "sh",
                        },
                        Object {
                          "hd": false,
                          "mm": 1,
                          "mn": "ADBE Vector Filter - Merge",
                          "nm": "Merge Paths 1",
                          "ty": "mm",
                        },
                        Object {
                          "bm": 0,
                          "c": Object {
                            "a": 0,
                            "ix": 4,
                            "k": Array [
                              0.113999998803,
                              0.118000000598,
                              0.122000002394,
                              1,
                            ],
                          },
                          "hd": false,
                          "mn": "ADBE Vector Graphic - Fill",
                          "nm": "Fill 1",
                          "o": Object {
                            "a": 0,
                            "ix": 5,
                            "k": 100,
                          },
                          "r": 1,
                          "ty": "fl",
                        },
                        Object {
                          "a": Object {
                            "a": 0,
                            "ix": 1,
                            "k": Array [
                              0,
                              0,
                            ],
                          },
                          "nm": "Transform",
                          "o": Object {
                            "a": 0,
                            "ix": 7,
                            "k": 100,
                          },
                          "p": Object {
                            "a": 0,
                            "ix": 2,
                            "k": Array [
                              47.75,
                              11.426,
                            ],
                          },
                          "r": Object {
                            "a": 0,
                            "ix": 6,
                            "k": 0,
                          },
                          "s": Object {
                            "a": 0,
                            "ix": 3,
                            "k": Array [
                              100,
                              100,
                            ],
                          },
                          "sa": Object {
                            "a": 0,
                            "ix": 5,
                            "k": 0,
                          },
                          "sk": Object {
                            "a": 0,
                            "ix": 4,
                            "k": 0,
                          },
                          "ty": "tr",
                        },
                      ],
                      "ix": 1,
                      "mn": "ADBE Vector Group",
                      "nm": "Group 1",
                      "np": 12,
                      "ty": "gr",
                    },
                  ],
                  "sr": 1,
                  "st": 0,
                  "ty": 4,
                },
                Object {
                  "ao": 0,
                  "bm": 0,
                  "ddd": 0,
                  "ind": 2,
                  "ip": 0,
                  "ks": Object {
                    "a": Object {
                      "a": 0,
                      "ix": 1,
                      "k": Array [
                        10,
                        4.5,
                        0,
                      ],
                    },
                    "o": Object {
                      "a": 0,
                      "ix": 11,
                      "k": 100,
                    },
                    "p": Object {
                      "a": 0,
                      "ix": 2,
                      "k": Array [
                        54.75,
                        28.25,
                        0,
                      ],
                    },
                    "r": Object {
                      "a": 0,
                      "ix": 10,
                      "k": 0,
                    },
                    "s": Object {
                      "a": 0,
                      "ix": 6,
                      "k": Array [
                        100,
                        100,
                        100,
                      ],
                    },
                  },
                  "nm": "_",
                  "op": 1440,
                  "shapes": Array [
                    Object {
                      "bm": 0,
                      "cix": 2,
                      "hd": false,
                      "it": Array [
                        Object {
                          "hd": false,
                          "ind": 0,
                          "ix": 1,
                          "ks": Object {
                            "a": 0,
                            "ix": 2,
                            "k": Object {
                              "c": true,
                              "i": Array [
                                Array [
                                  5.29,
                                  5.228,
                                ],
                                Array [
                                  0,
                                  0,
                                ],
                                Array [
                                  -3.619,
                                  3.578,
                                ],
                                Array [
                                  0,
                                  0,
                                ],
                              ],
                              "o": Array [
                                Array [
                                  0,
                                  0,
                                ],
                                Array [
                                  3.621,
                                  3.578,
                                ],
                                Array [
                                  0,
                                  0,
                                ],
                                Array [
                                  -5.29,
                                  5.228,
                                ],
                              ],
                              "v": Array [
                                Array [
                                  -9.581,
                                  -0.939,
                                ],
                                Array [
                                  -6.555,
                                  -3.93,
                                ],
                                Array [
                                  6.555,
                                  -3.93,
                                ],
                                Array [
                                  9.581,
                                  -0.939,
                                ],
                              ],
                            },
                          },
                          "mn": "ADBE Vector Shape - Group",
                          "nm": "Path 1",
                          "ty": "sh",
                        },
                        Object {
                          "bm": 0,
                          "c": Object {
                            "a": 0,
                            "ix": 4,
                            "k": Array [
                              0.113999998803,
                              0.118000000598,
                              0.122000002394,
                              1,
                            ],
                          },
                          "hd": false,
                          "mn": "ADBE Vector Graphic - Fill",
                          "nm": "Fill 1",
                          "o": Object {
                            "a": 0,
                            "ix": 5,
                            "k": 100,
                          },
                          "r": 1,
                          "ty": "fl",
                        },
                        Object {
                          "a": Object {
                            "a": 0,
                            "ix": 1,
                            "k": Array [
                              0,
                              0,
                            ],
                          },
                          "nm": "Transform",
                          "o": Object {
                            "a": 0,
                            "ix": 7,
                            "k": 100,
                          },
                          "p": Object {
                            "a": 0,
                            "ix": 2,
                            "k": Array [
                              9.831,
                              4.18,
                            ],
                          },
                          "r": Object {
                            "a": 0,
                            "ix": 6,
                            "k": 0,
                          },
                          "s": Object {
                            "a": 1,
                            "ix": 3,
                            "k": Array [
                              Object {
                                "i": Object {
                                  "x": Array [
                                    0.833,
                                    0.833,
                                  ],
                                  "y": Array [
                                    0.833,
                                    0.833,
                                  ],
                                },
                                "o": Object {
                                  "x": Array [
                                    0.167,
                                    0.167,
                                  ],
                                  "y": Array [
                                    0.167,
                                    0.167,
                                  ],
                                },
                                "s": Array [
                                  100,
                                  100,
                                ],
                                "t": 1200,
                              },
                              Object {
                                "i": Object {
                                  "x": Array [
                                    0.833,
                                    0.833,
                                  ],
                                  "y": Array [
                                    1,
                                    0.833,
                                  ],
                                },
                                "o": Object {
                                  "x": Array [
                                    0.333,
                                    0.333,
                                  ],
                                  "y": Array [
                                    0,
                                    0,
                                  ],
                                },
                                "s": Array [
                                  100,
                                  0,
                                ],
                                "t": 1230,
                              },
                              Object {
                                "s": Array [
                                  100,
                                  100,
                                ],
                                "t": 1260,
                              },
                            ],
                          },
                          "sa": Object {
                            "a": 0,
                            "ix": 5,
                            "k": 0,
                          },
                          "sk": Object {
                            "a": 0,
                            "ix": 4,
                            "k": 0,
                          },
                          "ty": "tr",
                        },
                      ],
                      "ix": 1,
                      "mn": "ADBE Vector Group",
                      "nm": "Group 1",
                      "np": 4,
                      "ty": "gr",
                    },
                  ],
                  "sr": 1,
                  "st": 0,
                  "ty": 4,
                },
              ],
              "markers": Array [],
              "nm": "Comp 2",
              "op": 1440,
              "v": "5.7.1",
              "w": 96,
            },
            "autoplay": true,
            "loop": true,
            "rendererSettings": Object {
              "preserveAspectRatio": "xMidYMid slice",
            },
          }
        }
        speed={1}
        title=""
        width="9rem"
      />
    </a>
    <button
      onClick={[Function]}
      title="Change theme"
    >
      <IconTheme
        color="#657786"
      />
    </button>
  </header>,
]
`;
